// Jest Snapshot v1, https://goo.gl/fbAQLP

exports[`Game Basic rendering 1`] = `
<div
  className="App"
>
  <h1>
    Player: BLACK
  </h1>
  <span>
    WHITE: 2 points 
            Vs BLACK: 2 points
  </span>
  <section>
    <button
      className="btn btn-danger"
      disabled={false}
      onClick={[Function]}
      tabIndex={0}
      type="button"
    >
      Reset game
    </button>
    <button
      className="btn btn-primary"
      disabled={false}
      onClick={[Function]}
      type="button"
    >
      Pass turn
    </button>
    <div
      className="board_container"
    >
      <div
        className="board"
      >
        <div
          className="row"
        >
          <div
            className="zoom"
            onClick={[Function]}
            onKeyPress={[Function]}
            tabIndex={0}
          >
            <div
              className="square"
              onClick={[Function]}
              onKeyPress={[Function]}
              tabIndex={-1}
            >
              <div
                className="pawn undefined"
              />
            </div>
          </div>
          <div
            className="zoom"
            onClick={[Function]}
            onKeyPress={[Function]}
            tabIndex={0}
          >
            <div
              className="square"
              onClick={[Function]}
              onKeyPress={[Function]}
              tabIndex={-1}
            >
              <div
                className="pawn undefined"
              />
            </div>
          </div>
          <div
            className="zoom"
            onClick={[Function]}
            onKeyPress={[Function]}
            tabIndex={0}
          >
            <div
              className="square"
              onClick={[Function]}
              onKeyPress={[Function]}
              tabIndex={-1}
            >
              <div
                className="pawn undefined"
              />
            </div>
          </div>
          <div
            className="zoom"
            onClick={[Function]}
            onKeyPress={[Function]}
            tabIndex={0}
          >
            <div
              className="square"
              onClick={[Function]}
              onKeyPress={[Function]}
              tabIndex={-1}
            >
              <div
                className="pawn undefined"
              />
            </div>
          </div>
          <div
            className="zoom"
            onClick={[Function]}
            onKeyPress={[Function]}
            tabIndex={0}
          >
            <div
              className="square"
              onClick={[Function]}
              onKeyPress={[Function]}
              tabIndex={-1}
            >
              <div
                className="pawn undefined"
              />
            </div>
          </div>
          <div
            className="zoom"
            onClick={[Function]}
            onKeyPress={[Function]}
            tabIndex={0}
          >
            <div
              className="square"
              onClick={[Function]}
              onKeyPress={[Function]}
              tabIndex={-1}
            >
              <div
                className="pawn undefined"
              />
            </div>
          </div>
          <div
            className="zoom"
            onClick={[Function]}
            onKeyPress={[Function]}
            tabIndex={0}
          >
            <div
              className="square"
              onClick={[Function]}
              onKeyPress={[Function]}
              tabIndex={-1}
            >
              <div
                className="pawn undefined"
              />
            </div>
          </div>
          <div
            className="zoom"
            onClick={[Function]}
            onKeyPress={[Function]}
            tabIndex={0}
          >
            <div
              className="square"
              onClick={[Function]}
              onKeyPress={[Function]}
              tabIndex={-1}
            >
              <div
                className="pawn undefined"
              />
            </div>
          </div>
        </div>
        <div
          className="row"
        >
          <div
            className="zoom"
            onClick={[Function]}
            onKeyPress={[Function]}
            tabIndex={0}
          >
            <div
              className="square"
              onClick={[Function]}
              onKeyPress={[Function]}
              tabIndex={-1}
            >
              <div
                className="pawn undefined"
              />
            </div>
          </div>
          <div
            className="zoom"
            onClick={[Function]}
            onKeyPress={[Function]}
            tabIndex={0}
          >
            <div
              className="square"
              onClick={[Function]}
              onKeyPress={[Function]}
              tabIndex={-1}
            >
              <div
                className="pawn undefined"
              />
            </div>
          </div>
          <div
            className="zoom"
            onClick={[Function]}
            onKeyPress={[Function]}
            tabIndex={0}
          >
            <div
              className="square"
              onClick={[Function]}
              onKeyPress={[Function]}
              tabIndex={-1}
            >
              <div
                className="pawn undefined"
              />
            </div>
          </div>
          <div
            className="zoom"
            onClick={[Function]}
            onKeyPress={[Function]}
            tabIndex={0}
          >
            <div
              className="square"
              onClick={[Function]}
              onKeyPress={[Function]}
              tabIndex={-1}
            >
              <div
                className="pawn undefined"
              />
            </div>
          </div>
          <div
            className="zoom"
            onClick={[Function]}
            onKeyPress={[Function]}
            tabIndex={0}
          >
            <div
              className="square"
              onClick={[Function]}
              onKeyPress={[Function]}
              tabIndex={-1}
            >
              <div
                className="pawn undefined"
              />
            </div>
          </div>
          <div
            className="zoom"
            onClick={[Function]}
            onKeyPress={[Function]}
            tabIndex={0}
          >
            <div
              className="square"
              onClick={[Function]}
              onKeyPress={[Function]}
              tabIndex={-1}
            >
              <div
                className="pawn undefined"
              />
            </div>
          </div>
          <div
            className="zoom"
            onClick={[Function]}
            onKeyPress={[Function]}
            tabIndex={0}
          >
            <div
              className="square"
              onClick={[Function]}
              onKeyPress={[Function]}
              tabIndex={-1}
            >
              <div
                className="pawn undefined"
              />
            </div>
          </div>
          <div
            className="zoom"
            onClick={[Function]}
            onKeyPress={[Function]}
            tabIndex={0}
          >
            <div
              className="square"
              onClick={[Function]}
              onKeyPress={[Function]}
              tabIndex={-1}
            >
              <div
                className="pawn undefined"
              />
            </div>
          </div>
        </div>
        <div
          className="row"
        >
          <div
            className="zoom"
            onClick={[Function]}
            onKeyPress={[Function]}
            tabIndex={0}
          >
            <div
              className="square"
              onClick={[Function]}
              onKeyPress={[Function]}
              tabIndex={-1}
            >
              <div
                className="pawn undefined"
              />
            </div>
          </div>
          <div
            className="zoom"
            onClick={[Function]}
            onKeyPress={[Function]}
            tabIndex={0}
          >
            <div
              className="square"
              onClick={[Function]}
              onKeyPress={[Function]}
              tabIndex={-1}
            >
              <div
                className="pawn undefined"
              />
            </div>
          </div>
          <div
            className="zoom"
            onClick={[Function]}
            onKeyPress={[Function]}
            tabIndex={0}
          >
            <div
              className="square"
              onClick={[Function]}
              onKeyPress={[Function]}
              tabIndex={-1}
            >
              <div
                className="pawn undefined"
              />
            </div>
          </div>
          <div
            className="zoom"
            onClick={[Function]}
            onKeyPress={[Function]}
            tabIndex={0}
          >
            <div
              className="square"
              onClick={[Function]}
              onKeyPress={[Function]}
              tabIndex={-1}
            >
              <div
                className="pawn undefined"
              />
            </div>
          </div>
          <div
            className="zoom"
            onClick={[Function]}
            onKeyPress={[Function]}
            tabIndex={0}
          >
            <div
              className="square"
              onClick={[Function]}
              onKeyPress={[Function]}
              tabIndex={-1}
            >
              <div
                className="pawn undefined"
              />
            </div>
          </div>
          <div
            className="zoom"
            onClick={[Function]}
            onKeyPress={[Function]}
            tabIndex={0}
          >
            <div
              className="square"
              onClick={[Function]}
              onKeyPress={[Function]}
              tabIndex={-1}
            >
              <div
                className="pawn undefined"
              />
            </div>
          </div>
          <div
            className="zoom"
            onClick={[Function]}
            onKeyPress={[Function]}
            tabIndex={0}
          >
            <div
              className="square"
              onClick={[Function]}
              onKeyPress={[Function]}
              tabIndex={-1}
            >
              <div
                className="pawn undefined"
              />
            </div>
          </div>
          <div
            className="zoom"
            onClick={[Function]}
            onKeyPress={[Function]}
            tabIndex={0}
          >
            <div
              className="square"
              onClick={[Function]}
              onKeyPress={[Function]}
              tabIndex={-1}
            >
              <div
                className="pawn undefined"
              />
            </div>
          </div>
        </div>
        <div
          className="row"
        >
          <div
            className="zoom"
            onClick={[Function]}
            onKeyPress={[Function]}
            tabIndex={0}
          >
            <div
              className="square"
              onClick={[Function]}
              onKeyPress={[Function]}
              tabIndex={-1}
            >
              <div
                className="pawn undefined"
              />
            </div>
          </div>
          <div
            className="zoom"
            onClick={[Function]}
            onKeyPress={[Function]}
            tabIndex={0}
          >
            <div
              className="square"
              onClick={[Function]}
              onKeyPress={[Function]}
              tabIndex={-1}
            >
              <div
                className="pawn undefined"
              />
            </div>
          </div>
          <div
            className="zoom"
            onClick={[Function]}
            onKeyPress={[Function]}
            tabIndex={0}
          >
            <div
              className="square"
              onClick={[Function]}
              onKeyPress={[Function]}
              tabIndex={-1}
            >
              <div
                className="pawn undefined"
              />
            </div>
          </div>
          <div
            className="zoom"
            onClick={[Function]}
            onKeyPress={[Function]}
            tabIndex={0}
          >
            <div
              className="square"
              onClick={[Function]}
              onKeyPress={[Function]}
              tabIndex={-1}
            >
              <div
                className="pawn white"
              />
            </div>
          </div>
          <div
            className="zoom"
            onClick={[Function]}
            onKeyPress={[Function]}
            tabIndex={0}
          >
            <div
              className="square"
              onClick={[Function]}
              onKeyPress={[Function]}
              tabIndex={-1}
            >
              <div
                className="pawn black"
              />
            </div>
          </div>
          <div
            className="zoom"
            onClick={[Function]}
            onKeyPress={[Function]}
            tabIndex={0}
          >
            <div
              className="square"
              onClick={[Function]}
              onKeyPress={[Function]}
              tabIndex={-1}
            >
              <div
                className="pawn undefined"
              />
            </div>
          </div>
          <div
            className="zoom"
            onClick={[Function]}
            onKeyPress={[Function]}
            tabIndex={0}
          >
            <div
              className="square"
              onClick={[Function]}
              onKeyPress={[Function]}
              tabIndex={-1}
            >
              <div
                className="pawn undefined"
              />
            </div>
          </div>
          <div
            className="zoom"
            onClick={[Function]}
            onKeyPress={[Function]}
            tabIndex={0}
          >
            <div
              className="square"
              onClick={[Function]}
              onKeyPress={[Function]}
              tabIndex={-1}
            >
              <div
                className="pawn undefined"
              />
            </div>
          </div>
        </div>
        <div
          className="row"
        >
          <div
            className="zoom"
            onClick={[Function]}
            onKeyPress={[Function]}
            tabIndex={0}
          >
            <div
              className="square"
              onClick={[Function]}
              onKeyPress={[Function]}
              tabIndex={-1}
            >
              <div
                className="pawn undefined"
              />
            </div>
          </div>
          <div
            className="zoom"
            onClick={[Function]}
            onKeyPress={[Function]}
            tabIndex={0}
          >
            <div
              className="square"
              onClick={[Function]}
              onKeyPress={[Function]}
              tabIndex={-1}
            >
              <div
                className="pawn undefined"
              />
            </div>
          </div>
          <div
            className="zoom"
            onClick={[Function]}
            onKeyPress={[Function]}
            tabIndex={0}
          >
            <div
              className="square"
              onClick={[Function]}
              onKeyPress={[Function]}
              tabIndex={-1}
            >
              <div
                className="pawn undefined"
              />
            </div>
          </div>
          <div
            className="zoom"
            onClick={[Function]}
            onKeyPress={[Function]}
            tabIndex={0}
          >
            <div
              className="square"
              onClick={[Function]}
              onKeyPress={[Function]}
              tabIndex={-1}
            >
              <div
                className="pawn black"
              />
            </div>
          </div>
          <div
            className="zoom"
            onClick={[Function]}
            onKeyPress={[Function]}
            tabIndex={0}
          >
            <div
              className="square"
              onClick={[Function]}
              onKeyPress={[Function]}
              tabIndex={-1}
            >
              <div
                className="pawn white"
              />
            </div>
          </div>
          <div
            className="zoom"
            onClick={[Function]}
            onKeyPress={[Function]}
            tabIndex={0}
          >
            <div
              className="square"
              onClick={[Function]}
              onKeyPress={[Function]}
              tabIndex={-1}
            >
              <div
                className="pawn undefined"
              />
            </div>
          </div>
          <div
            className="zoom"
            onClick={[Function]}
            onKeyPress={[Function]}
            tabIndex={0}
          >
            <div
              className="square"
              onClick={[Function]}
              onKeyPress={[Function]}
              tabIndex={-1}
            >
              <div
                className="pawn undefined"
              />
            </div>
          </div>
          <div
            className="zoom"
            onClick={[Function]}
            onKeyPress={[Function]}
            tabIndex={0}
          >
            <div
              className="square"
              onClick={[Function]}
              onKeyPress={[Function]}
              tabIndex={-1}
            >
              <div
                className="pawn undefined"
              />
            </div>
          </div>
        </div>
        <div
          className="row"
        >
          <div
            className="zoom"
            onClick={[Function]}
            onKeyPress={[Function]}
            tabIndex={0}
          >
            <div
              className="square"
              onClick={[Function]}
              onKeyPress={[Function]}
              tabIndex={-1}
            >
              <div
                className="pawn undefined"
              />
            </div>
          </div>
          <div
            className="zoom"
            onClick={[Function]}
            onKeyPress={[Function]}
            tabIndex={0}
          >
            <div
              className="square"
              onClick={[Function]}
              onKeyPress={[Function]}
              tabIndex={-1}
            >
              <div
                className="pawn undefined"
              />
            </div>
          </div>
          <div
            className="zoom"
            onClick={[Function]}
            onKeyPress={[Function]}
            tabIndex={0}
          >
            <div
              className="square"
              onClick={[Function]}
              onKeyPress={[Function]}
              tabIndex={-1}
            >
              <div
                className="pawn undefined"
              />
            </div>
          </div>
          <div
            className="zoom"
            onClick={[Function]}
            onKeyPress={[Function]}
            tabIndex={0}
          >
            <div
              className="square"
              onClick={[Function]}
              onKeyPress={[Function]}
              tabIndex={-1}
            >
              <div
                className="pawn undefined"
              />
            </div>
          </div>
          <div
            className="zoom"
            onClick={[Function]}
            onKeyPress={[Function]}
            tabIndex={0}
          >
            <div
              className="square"
              onClick={[Function]}
              onKeyPress={[Function]}
              tabIndex={-1}
            >
              <div
                className="pawn undefined"
              />
            </div>
          </div>
          <div
            className="zoom"
            onClick={[Function]}
            onKeyPress={[Function]}
            tabIndex={0}
          >
            <div
              className="square"
              onClick={[Function]}
              onKeyPress={[Function]}
              tabIndex={-1}
            >
              <div
                className="pawn undefined"
              />
            </div>
          </div>
          <div
            className="zoom"
            onClick={[Function]}
            onKeyPress={[Function]}
            tabIndex={0}
          >
            <div
              className="square"
              onClick={[Function]}
              onKeyPress={[Function]}
              tabIndex={-1}
            >
              <div
                className="pawn undefined"
              />
            </div>
          </div>
          <div
            className="zoom"
            onClick={[Function]}
            onKeyPress={[Function]}
            tabIndex={0}
          >
            <div
              className="square"
              onClick={[Function]}
              onKeyPress={[Function]}
              tabIndex={-1}
            >
              <div
                className="pawn undefined"
              />
            </div>
          </div>
        </div>
        <div
          className="row"
        >
          <div
            className="zoom"
            onClick={[Function]}
            onKeyPress={[Function]}
            tabIndex={0}
          >
            <div
              className="square"
              onClick={[Function]}
              onKeyPress={[Function]}
              tabIndex={-1}
            >
              <div
                className="pawn undefined"
              />
            </div>
          </div>
          <div
            className="zoom"
            onClick={[Function]}
            onKeyPress={[Function]}
            tabIndex={0}
          >
            <div
              className="square"
              onClick={[Function]}
              onKeyPress={[Function]}
              tabIndex={-1}
            >
              <div
                className="pawn undefined"
              />
            </div>
          </div>
          <div
            className="zoom"
            onClick={[Function]}
            onKeyPress={[Function]}
            tabIndex={0}
          >
            <div
              className="square"
              onClick={[Function]}
              onKeyPress={[Function]}
              tabIndex={-1}
            >
              <div
                className="pawn undefined"
              />
            </div>
          </div>
          <div
            className="zoom"
            onClick={[Function]}
            onKeyPress={[Function]}
            tabIndex={0}
          >
            <div
              className="square"
              onClick={[Function]}
              onKeyPress={[Function]}
              tabIndex={-1}
            >
              <div
                className="pawn undefined"
              />
            </div>
          </div>
          <div
            className="zoom"
            onClick={[Function]}
            onKeyPress={[Function]}
            tabIndex={0}
          >
            <div
              className="square"
              onClick={[Function]}
              onKeyPress={[Function]}
              tabIndex={-1}
            >
              <div
                className="pawn undefined"
              />
            </div>
          </div>
          <div
            className="zoom"
            onClick={[Function]}
            onKeyPress={[Function]}
            tabIndex={0}
          >
            <div
              className="square"
              onClick={[Function]}
              onKeyPress={[Function]}
              tabIndex={-1}
            >
              <div
                className="pawn undefined"
              />
            </div>
          </div>
          <div
            className="zoom"
            onClick={[Function]}
            onKeyPress={[Function]}
            tabIndex={0}
          >
            <div
              className="square"
              onClick={[Function]}
              onKeyPress={[Function]}
              tabIndex={-1}
            >
              <div
                className="pawn undefined"
              />
            </div>
          </div>
          <div
            className="zoom"
            onClick={[Function]}
            onKeyPress={[Function]}
            tabIndex={0}
          >
            <div
              className="square"
              onClick={[Function]}
              onKeyPress={[Function]}
              tabIndex={-1}
            >
              <div
                className="pawn undefined"
              />
            </div>
          </div>
        </div>
        <div
          className="row"
        >
          <div
            className="zoom"
            onClick={[Function]}
            onKeyPress={[Function]}
            tabIndex={0}
          >
            <div
              className="square"
              onClick={[Function]}
              onKeyPress={[Function]}
              tabIndex={-1}
            >
              <div
                className="pawn undefined"
              />
            </div>
          </div>
          <div
            className="zoom"
            onClick={[Function]}
            onKeyPress={[Function]}
            tabIndex={0}
          >
            <div
              className="square"
              onClick={[Function]}
              onKeyPress={[Function]}
              tabIndex={-1}
            >
              <div
                className="pawn undefined"
              />
            </div>
          </div>
          <div
            className="zoom"
            onClick={[Function]}
            onKeyPress={[Function]}
            tabIndex={0}
          >
            <div
              className="square"
              onClick={[Function]}
              onKeyPress={[Function]}
              tabIndex={-1}
            >
              <div
                className="pawn undefined"
              />
            </div>
          </div>
          <div
            className="zoom"
            onClick={[Function]}
            onKeyPress={[Function]}
            tabIndex={0}
          >
            <div
              className="square"
              onClick={[Function]}
              onKeyPress={[Function]}
              tabIndex={-1}
            >
              <div
                className="pawn undefined"
              />
            </div>
          </div>
          <div
            className="zoom"
            onClick={[Function]}
            onKeyPress={[Function]}
            tabIndex={0}
          >
            <div
              className="square"
              onClick={[Function]}
              onKeyPress={[Function]}
              tabIndex={-1}
            >
              <div
                className="pawn undefined"
              />
            </div>
          </div>
          <div
            className="zoom"
            onClick={[Function]}
            onKeyPress={[Function]}
            tabIndex={0}
          >
            <div
              className="square"
              onClick={[Function]}
              onKeyPress={[Function]}
              tabIndex={-1}
            >
              <div
                className="pawn undefined"
              />
            </div>
          </div>
          <div
            className="zoom"
            onClick={[Function]}
            onKeyPress={[Function]}
            tabIndex={0}
          >
            <div
              className="square"
              onClick={[Function]}
              onKeyPress={[Function]}
              tabIndex={-1}
            >
              <div
                className="pawn undefined"
              />
            </div>
          </div>
          <div
            className="zoom"
            onClick={[Function]}
            onKeyPress={[Function]}
            tabIndex={0}
          >
            <div
              className="square"
              onClick={[Function]}
              onKeyPress={[Function]}
              tabIndex={-1}
            >
              <div
                className="pawn undefined"
              />
            </div>
          </div>
        </div>
      </div>
    </div>
  </section>
</div>
`;
